// Jest Snapshot v1, https://goo.gl/fbAQLP

exports[`<ToggleOption /> should render default language messages 1`] = `
<option
  values="en"
>
  someContent
</option>
`;
